; level1 — written by the in-game editor.

palette wall wall_cobblestone wall_stacked_stone wall_brick_red wall_rock
palette floor floor_cobblestone floor_broken_tile floor_rubble floor_rock
palette ceiling ceiling_stone ceiling_rough
;
################################
################################
##......###...........###.....##
##.P....###...........###.....##
##............................##
##......###...........###.....##
##......###...........###.....##
####.######...........#####.####
####.######...........#####.####
####.######...........###.....##
##.....#########.########.....##
##.....#########.########.....##
##.....####.DDDDDDDDD####.....##
##.....####DDDDDDDDDD####.....##
##.....####DDDDDDDDDD.........##
##.....####DDDDDDDDD.####.....##
####.######DDDDDDDDDD####.....##
####.######DD.DDDDDDD######.####
####.######DDDDDDDDDD######.####
##DDDDDDDD#DDDDDDDDDD######.####
##DDDDDDDD######.########.....##
##DDDDDDDD######.########.....##
##DDDDDDDD######.########.....##
##DDDDDDDD####.........##.....##
##.DD.DDDD####.........##.....##
##DDDDDDDD####.........##.....##
##DDDDDDDD....................##
##DDDDDDDD####.........##.....##
##DDDDDDDD####.........##.....##
##DDDDDDDD####.........##.....##
################################
################################
;
fixture sconce 6 2 north
fixture sconce 12 2 north
fixture sconce 20 2 north
fixture sconce 29 3 east
fixture sconce 29 10 east
fixture sconce 2 11 west
fixture sconce 11 12 north
fixture sconce 20 15 east
fixture sconce 29 21 east
fixture sconce 2 24 west
fixture sconce 22 29 east
fixture sconce 11 2 north
fixture sconce 11 2 west
fixture sconce 21 2 north
fixture sconce 6 11 east
fixture sconce 6 12 east
fixture sconce 6 13 east
fixture sconce 6 14 east
fixture sconce 2 14 west
fixture sconce 2 13 west
fixture sconce 2 12 west
fixture brazier 16 5
fixture brazier 13 17
fixture brazier 5 24
fixture brazier 18 25
fixture brazier 27 25
fixture brazier 4 4
stairs stairs_down 18 4 south dest=level2 destx=2 destz=1 destfacing=south
variant wall 7 10 0
variant wall 7 11 0
variant wall 7 12 0
variant wall 7 13 0
variant wall 7 14 0
variant wall 7 15 0
decoration ancient_pot 2 2 south
decoration barrel 7 6 south
decoration banner 21 2 wall=east
decoration column_marble 12 3 south
decoration column_marble 20 3 south
decoration column_marble 12 8 south
decoration column_marble 20 8 south
decoration statue_marble 16 2 south
decoration archway 10 4 east
decoration fountain 14 15 south
decoration column 12 12 south
decoration column 19 12 south
decoration ancient_pot 12 18 south
decoration pot 18 18 south
decoration archway 16 11 south
decoration statue 6 10 south
decoration chest 2 15 south
decoration ancient_pot 6 14 south
decoration chest 25 2 south
decoration barrel 29 2 south
decoration crate 28 6 south
decoration column 25 10 south
decoration column 29 15 south
decoration statue 28 9 south
decoration boulder 4 21 east solid=0
decoration boulder 8 23 south solid=0
decoration mossy_rock 7 27 south solid=0
decoration pot 3 28 south
decoration chest 15 23 south
decoration chest 21 29 south
decoration barrel 16 28 south
decoration crate 20 24 south
decoration statue 18 23 south
decoration iron_door 16 23 north solid=0
decoration crate 29 20 south
decoration barrel 25 29 south
decoration pot 27 22 south
decoration column_marble 3 10 south
decoration column_marble 3 11 south
decoration column_marble 3 12 south
decoration column_marble 3 13 south
decoration column_marble 3 14 south
decoration column_marble 3 15 south
decoration column_marble 5 15 south
decoration column_marble 5 14 south
decoration column_marble 5 13 south
decoration column_marble 5 12 south
decoration column_marble 5 11 south
decoration column_marble 5 10 south
