; showcase — written by the in-game editor.

palette wall wall_temple_ancient wall_marble wall_brick_old wall_cobble_mossy
palette floor floor_temple floor_ancient_stone floor_slabs floor_cobble_mossy
palette ceiling ceiling_rock_layered ceiling_stone ceiling_cracked ceiling_rock_porous
atmosphere dust=0.075 haze=0.8 ambient=1.55
;
############################
###########.....############
###########.....############
##########........##########
##########........##########
##########........##########
##########........###.....##
##########........###.....##
##########................##
##########........###.....##
##########........###.....##
##########........###.....##
##########........##########
##########........##########
##########........##########
#############.##############
#############.##############
#############.##############
#############.##############
#############.##############
#############.##############
#############P##############
############################
############################
;
fixture sconce 10 4 west
fixture sconce 10 7 west
fixture sconce 10 10 west
fixture sconce 10 13 west
fixture sconce 17 4 east
fixture sconce 17 7 east
fixture sconce 17 10 east
fixture sconce 17 13 east
fixture sconce 10 3 north
fixture sconce 16 3 north
fixture sconce 11 14 south
fixture sconce 16 14 south
fixture sconce 11 1 west
fixture sconce 15 1 east
fixture sconce 13 19 east
fixture sconce 19 8 north
fixture sconce 21 7 west
fixture sconce 25 10 east
fixture brazier 10 8
fixture brazier 23 8
stairs stairs_up 25 11 north dest=start destx=50 destz=9 destfacing=south
stairs stairs_spiral 21 11 north dest=start destx=50 destz=9 destfacing=south
stairs stairs_spiral_down 21 6 north dest=start destx=50 destz=9 destfacing=south
stairs stairs_down 11 2 south dest=start destx=11 destz=2 destfacing=south
variant wall 10 0 1
variant wall 11 0 1
variant wall 12 0 1
variant wall 13 0 1
variant wall 14 0 1
variant wall 15 0 1
variant wall 16 0 1
variant wall 10 1 1
variant floor 11 1 1
variant ceiling 11 1 1
variant floor 12 1 1
variant ceiling 12 1 1
variant floor 13 1 1
variant ceiling 13 1 1
variant floor 14 1 1
variant ceiling 14 1 1
variant floor 15 1 1
variant ceiling 15 1 1
variant wall 16 1 1
variant wall 10 2 1
variant floor 11 2 1
variant ceiling 11 2 1
variant floor 12 2 1
variant ceiling 12 2 1
variant floor 13 2 1
variant ceiling 13 2 1
variant floor 14 2 1
variant ceiling 14 2 1
variant floor 15 2 1
variant ceiling 15 2 1
variant wall 16 2 1
variant wall 20 5 3
variant wall 21 5 3
variant wall 22 5 3
variant wall 23 5 3
variant wall 24 5 3
variant wall 25 5 3
variant wall 26 5 3
variant wall 20 6 3
variant floor 21 6 3
variant ceiling 21 6 3
variant floor 22 6 3
variant ceiling 22 6 3
variant floor 23 6 3
variant ceiling 23 6 3
variant floor 24 6 3
variant ceiling 24 6 3
variant floor 25 6 3
variant ceiling 25 6 3
variant wall 26 6 3
variant wall 18 7 2
variant wall 19 7 2
variant wall 20 7 3
variant floor 21 7 3
variant ceiling 21 7 3
variant floor 22 7 3
variant ceiling 22 7 3
variant floor 23 7 3
variant ceiling 23 7 3
variant floor 24 7 3
variant ceiling 24 7 3
variant floor 25 7 3
variant ceiling 25 7 3
variant wall 26 7 3
variant floor 18 8 2
variant ceiling 18 8 2
variant floor 19 8 2
variant ceiling 19 8 2
variant floor 20 8 2
variant ceiling 20 8 2
variant floor 21 8 3
variant ceiling 21 8 3
variant floor 22 8 3
variant ceiling 22 8 3
variant floor 23 8 3
variant ceiling 23 8 3
variant floor 24 8 3
variant ceiling 24 8 3
variant floor 25 8 3
variant ceiling 25 8 3
variant wall 26 8 3
variant wall 18 9 2
variant wall 19 9 2
variant wall 20 9 3
variant floor 21 9 3
variant ceiling 21 9 3
variant floor 22 9 3
variant ceiling 22 9 3
variant floor 23 9 3
variant ceiling 23 9 3
variant floor 24 9 3
variant ceiling 24 9 3
variant floor 25 9 3
variant ceiling 25 9 3
variant wall 26 9 3
variant wall 20 10 3
variant floor 21 10 3
variant ceiling 21 10 3
variant floor 22 10 3
variant ceiling 22 10 3
variant floor 23 10 3
variant ceiling 23 10 3
variant floor 24 10 3
variant ceiling 24 10 3
variant floor 25 10 3
variant ceiling 25 10 3
variant wall 26 10 3
variant wall 20 11 3
variant floor 21 11 3
variant ceiling 21 11 3
variant floor 22 11 3
variant ceiling 22 11 3
variant floor 23 11 3
variant ceiling 23 11 3
variant floor 24 11 3
variant ceiling 24 11 3
variant floor 25 11 3
variant ceiling 25 11 3
variant wall 26 11 3
variant wall 20 12 3
variant wall 21 12 3
variant wall 22 12 3
variant wall 23 12 3
variant wall 24 12 3
variant wall 25 12 3
variant wall 26 12 3
variant wall 12 15 2
variant floor 13 15 2
variant ceiling 13 15 2
variant wall 14 15 2
variant wall 12 16 2
variant floor 13 16 2
variant ceiling 13 16 2
variant wall 14 16 2
variant wall 12 17 2
variant floor 13 17 2
variant ceiling 13 17 2
variant wall 14 17 2
variant wall 12 18 2
variant floor 13 18 2
variant ceiling 13 18 2
variant wall 14 18 2
variant wall 12 19 2
variant floor 13 19 2
variant ceiling 13 19 2
variant wall 14 19 2
variant wall 12 20 2
variant floor 13 20 2
variant ceiling 13 20 2
variant wall 14 20 2
variant wall 12 21 2
variant floor 13 21 2
variant ceiling 13 21 2
variant wall 14 21 2
variant wall 12 22 2
variant wall 13 22 2
variant wall 14 22 2
decoration pillar 10 5 south
decoration pillar_stone 12 5 south
decoration pillar 17 5 south
decoration wall_arch_rough 13 20 north
decoration wall_arch_rustic 13 18 north
decoration archway 19 8 east
decoration column 11 5 south
decoration column 11 8 south
decoration column 11 11 south
decoration column 16 5 south
decoration column 16 8 south
decoration column 16 11 south
decoration statue 13 1 south
decoration banner 10 6 west
decoration banner 17 6 east
decoration barrel 10 12 south
decoration crate 17 12 south
decoration ancient_pot 22 10 south
decoration boulder 24 6 south
decoration mossy_rock 21 9 south
decoration chest 25 6 south
decoration wall_arch 13 16 north
decoration floor_grate 13 8
decoration floor_grate 13 17
floorfeature recess 13 8
floorfeature recess 13 17
floorfeature drain 12 8
floorfeature cracked 14 8
floorfeature cracked 11 9
floorfeature drain 15 8
