; start — written by the in-game editor.

palette wall wall_cobblestone wall_stacked_stone wall_brick_red wall_rock
palette floor floor_cobblestone floor_broken_tile floor_rubble floor_rock
palette ceiling ceiling_stone ceiling_rough
atmosphere dust=0.075 haze=0.9 ambient=1
;
################################
################################
##......###...........###.....##
##.P....###...........###.....##
##............................##
##......###...........###.....##
##......###...........###.....##
####.######...........#####.####
####.######...........#####.####
####.######...........###.....##
##.....#########.########.....##
##.....#########.########.....##
##.....####.DDDDDDDDD####.....##
##.....####DDDDDDDDDD####.....##
##.....####DDDDDDDDDD.........##
##.....####DDDDDDDDD.####.....##
####.######DDDDDDDDDD####.....##
####.######DD.DDDDDDD######.####
####.######DDDDDDDDDD######.####
##DDDDDDDD#DDDDDDDDDD######.####
##DDDDDDDD######.########.....##
##DDDDDDDD######.########.....##
##DDDDDDDD######.########.....##
##DDDDDDDD####.........##.....##
##.DD.DDDD####.........##.....##
##DDDDDDDD####.........##.....##
##DDDDDDDD....................##
##DDDDDDDD####.........##.....##
##DDDDDDDD####.........##.....##
##DDDDDDDD####.........##.....##
################################
################################
;
fixture sconce 6 2 north
fixture sconce 12 2 north
fixture sconce 20 2 north
fixture sconce 29 3 east
fixture sconce 29 10 east
fixture sconce 2 11 west
fixture sconce 11 12 north
fixture sconce 20 15 east
fixture sconce 29 21 east
fixture sconce 2 24 west
fixture sconce 22 29 east
fixture sconce 11 2 north
fixture sconce 11 2 west
fixture sconce 21 2 north
fixture sconce 6 11 east
fixture sconce 6 12 east
fixture sconce 6 13 east
fixture sconce 6 14 east
fixture sconce 2 14 west
fixture sconce 2 13 west
fixture sconce 2 12 west
fixture brazier 16 5
fixture brazier 13 17
fixture brazier 5 24
fixture brazier 18 25
fixture brazier 27 25
fixture brazier 4 4
niche niche 2 3 west
stairs stairs_down 18 4 south dest=level2 destx=2 destz=1 destfacing=south
variant wall 1 1 0
variant wall 2 1 0
variant wall 3 1 0
variant wall 4 1 0
variant wall 5 1 0
variant wall 6 1 0
variant wall 7 1 0
variant wall 8 1 0
variant wall 1 2 0
variant floor 2 2 0
variant floor 3 2 0
variant floor 4 2 0
variant ceiling 4 2 0
variant floor 5 2 0
variant ceiling 5 2 0
variant floor 6 2 0
variant ceiling 6 2 0
variant floor 7 2 0
variant ceiling 7 2 0
variant wall 8 2 0
variant wall 1 3 0
variant floor 2 3 0
variant ceiling 2 3 0
variant floor 3 3 0
variant floor 4 3 0
variant floor 5 3 0
variant ceiling 5 3 0
variant floor 6 3 0
variant ceiling 6 3 0
variant floor 7 3 0
variant ceiling 7 3 0
variant wall 8 3 0
variant wall 1 4 0
variant floor 2 4 0
variant floor 3 4 0
variant floor 4 4 0
variant ceiling 4 4 0
variant floor 5 4 0
variant ceiling 5 4 0
variant floor 6 4 0
variant ceiling 6 4 0
variant floor 7 4 0
variant ceiling 7 4 0
variant floor 8 4 0
variant ceiling 8 4 0
variant floor 9 4 2
variant floor 10 4 2
variant wall 1 5 0
variant floor 2 5 0
variant floor 3 5 0
variant ceiling 3 5 0
variant floor 4 5 0
variant ceiling 4 5 0
variant floor 5 5 0
variant ceiling 5 5 0
variant floor 6 5 0
variant ceiling 6 5 0
variant floor 7 5 0
variant ceiling 7 5 0
variant wall 8 5 0
variant wall 1 6 0
variant floor 2 6 0
variant ceiling 2 6 0
variant floor 3 6 0
variant ceiling 3 6 0
variant floor 4 6 0
variant ceiling 4 6 0
variant floor 5 6 0
variant ceiling 5 6 0
variant floor 6 6 0
variant ceiling 6 6 0
variant floor 7 6 0
variant ceiling 7 6 0
variant wall 8 6 0
variant wall 1 7 0
variant wall 2 7 0
variant wall 3 7 0
variant floor 4 7 0
variant ceiling 4 7 0
variant wall 5 7 0
variant wall 6 7 0
variant wall 7 7 0
variant wall 8 7 0
variant floor 4 8 2
variant floor 4 9 2
variant wall 7 10 0
variant wall 7 11 0
variant wall 7 12 0
variant wall 7 13 0
variant wall 7 14 0
variant wall 7 15 0
decoration banner 21 2 wall=east
decoration column_marble 12 3 south
decoration column_marble 20 3 south
decoration column_marble 12 8 south
decoration column_marble 20 8 south
decoration statue_marble 16 2 south
decoration fountain 14 15 south
decoration column 12 12 south
decoration column 19 12 south
decoration ancient_pot 12 18 south
decoration pot 18 18 south
decoration archway 16 11 south
decoration statue 6 10 south
decoration chest 2 15 south
decoration ancient_pot 6 14 south
decoration chest 25 2 south
decoration barrel 29 2 south
decoration crate 28 6 south
decoration column 25 10 south
decoration column 29 15 south
decoration statue 28 9 south
decoration boulder 4 21 east solid=0
decoration boulder 8 23 south solid=0
decoration mossy_rock 7 27 south solid=0
decoration pot 3 28 south
decoration chest 15 23 south
decoration chest 21 29 south
decoration barrel 16 28 south
decoration crate 20 24 south
decoration statue 18 23 south
decoration iron_door 16 23 north solid=0
decoration crate 29 20 south
decoration barrel 25 29 south
decoration pot 27 22 south
decoration column_marble 3 11 south
decoration column_marble 3 13 south
decoration column_marble 3 15 south
decoration column_marble 5 15 south
decoration column_marble 5 13 south
decoration column_marble 5 11 south
